// Jest Snapshot v1, https://goo.gl/fbAQLP

exports[`BoardItem component Should be render correctly 1`] = `
<div
  class="item disabled"
>
  <!---->
</div>
`;
