// Jest Snapshot v1, https://goo.gl/fbAQLP

exports[`BkHeader component Should be render correctly 1`] = `
<nav
  class="navbar"
>
  <!---->
   
  <!---->
   
</nav>
`;
