// Jest Snapshot v1, https://goo.gl/fbAQLP

exports[`Canvas component Should be render correctly 1`] = `
<canvas
  class=""
  height="500"
  width="300"
/>
`;
